{
  "input": "/Users/duan.d/Documents/GitHub/igcse-0509/.ppt_output/0509_Y10T1_文化认同_指导写作二次修订版.pptx",
  "outputDir": "/Users/duan.d/Documents/GitHub/igcse-0509/.ppt_build/final-render-second",
  "slideCount": 32,
  "paths": [
    "/Users/duan.d/Documents/GitHub/igcse-0509/.ppt_build/final-render-second/slide-1.png",
    "/Users/duan.d/Documents/GitHub/igcse-0509/.ppt_build/final-render-second/slide-2.png",
    "/Users/duan.d/Documents/GitHub/igcse-0509/.ppt_build/final-render-second/slide-3.png",
    "/Users/duan.d/Documents/GitHub/igcse-0509/.ppt_build/final-render-second/slide-4.png",
    "/Users/duan.d/Documents/GitHub/igcse-0509/.ppt_build/final-render-second/slide-5.png",
    "/Users/duan.d/Documents/GitHub/igcse-0509/.ppt_build/final-render-second/slide-6.png",
    "/Users/duan.d/Documents/GitHub/igcse-0509/.ppt_build/final-render-second/slide-7.png",
    "/Users/duan.d/Documents/GitHub/igcse-0509/.ppt_build/final-render-second/slide-8.png",
    "/Users/duan.d/Documents/GitHub/igcse-0509/.ppt_build/final-render-second/slide-9.png",
    "/Users/duan.d/Documents/GitHub/igcse-0509/.ppt_build/final-render-second/slide-10.png",
    "/Users/duan.d/Documents/GitHub/igcse-0509/.ppt_build/final-render-second/slide-11.png",
    "/Users/duan.d/Documents/GitHub/igcse-0509/.ppt_build/final-render-second/slide-12.png",
    "/Users/duan.d/Documents/GitHub/igcse-0509/.ppt_build/final-render-second/slide-13.png",
    "/Users/duan.d/Documents/GitHub/igcse-0509/.ppt_build/final-render-second/slide-14.png",
    "/Users/duan.d/Documents/GitHub/igcse-0509/.ppt_build/final-render-second/slide-15.png",
    "/Users/duan.d/Documents/GitHub/igcse-0509/.ppt_build/final-render-second/slide-16.png",
    "/Users/duan.d/Documents/GitHub/igcse-0509/.ppt_build/final-render-second/slide-17.png",
    "/Users/duan.d/Documents/GitHub/igcse-0509/.ppt_build/final-render-second/slide-18.png",
    "/Users/duan.d/Documents/GitHub/igcse-0509/.ppt_build/final-render-second/slide-19.png",
    "/Users/duan.d/Documents/GitHub/igcse-0509/.ppt_build/final-render-second/slide-20.png",
    "/Users/duan.d/Documents/GitHub/igcse-0509/.ppt_build/final-render-second/slide-21.png",
    "/Users/duan.d/Documents/GitHub/igcse-0509/.ppt_build/final-render-second/slide-22.png",
    "/Users/duan.d/Documents/GitHub/igcse-0509/.ppt_build/final-render-second/slide-23.png",
    "/Users/duan.d/Documents/GitHub/igcse-0509/.ppt_build/final-render-second/slide-24.png",
    "/Users/duan.d/Documents/GitHub/igcse-0509/.ppt_build/final-render-second/slide-25.png",
    "/Users/duan.d/Documents/GitHub/igcse-0509/.ppt_build/final-render-second/slide-26.png",
    "/Users/duan.d/Documents/GitHub/igcse-0509/.ppt_build/final-render-second/slide-27.png",
    "/Users/duan.d/Documents/GitHub/igcse-0509/.ppt_build/final-render-second/slide-28.png",
    "/Users/duan.d/Documents/GitHub/igcse-0509/.ppt_build/final-render-second/slide-29.png",
    "/Users/duan.d/Documents/GitHub/igcse-0509/.ppt_build/final-render-second/slide-30.png",
    "/Users/duan.d/Documents/GitHub/igcse-0509/.ppt_build/final-render-second/slide-31.png",
    "/Users/duan.d/Documents/GitHub/igcse-0509/.ppt_build/final-render-second/slide-32.png"
  ]
}
