{
  "input": "/Users/duan.d/Documents/GitHub/igcse-0509/.ppt_output/0509_Y10T1_文化认同_指导写作更新版_v3.pptx",
  "outputDir": "/Users/duan.d/Documents/GitHub/igcse-0509/.ppt_build/final-render-v3",
  "slideCount": 32,
  "paths": [
    "/Users/duan.d/Documents/GitHub/igcse-0509/.ppt_build/final-render-v3/slide-1.png",
    "/Users/duan.d/Documents/GitHub/igcse-0509/.ppt_build/final-render-v3/slide-2.png",
    "/Users/duan.d/Documents/GitHub/igcse-0509/.ppt_build/final-render-v3/slide-3.png",
    "/Users/duan.d/Documents/GitHub/igcse-0509/.ppt_build/final-render-v3/slide-4.png",
    "/Users/duan.d/Documents/GitHub/igcse-0509/.ppt_build/final-render-v3/slide-5.png",
    "/Users/duan.d/Documents/GitHub/igcse-0509/.ppt_build/final-render-v3/slide-6.png",
    "/Users/duan.d/Documents/GitHub/igcse-0509/.ppt_build/final-render-v3/slide-7.png",
    "/Users/duan.d/Documents/GitHub/igcse-0509/.ppt_build/final-render-v3/slide-8.png",
    "/Users/duan.d/Documents/GitHub/igcse-0509/.ppt_build/final-render-v3/slide-9.png",
    "/Users/duan.d/Documents/GitHub/igcse-0509/.ppt_build/final-render-v3/slide-10.png",
    "/Users/duan.d/Documents/GitHub/igcse-0509/.ppt_build/final-render-v3/slide-11.png",
    "/Users/duan.d/Documents/GitHub/igcse-0509/.ppt_build/final-render-v3/slide-12.png",
    "/Users/duan.d/Documents/GitHub/igcse-0509/.ppt_build/final-render-v3/slide-13.png",
    "/Users/duan.d/Documents/GitHub/igcse-0509/.ppt_build/final-render-v3/slide-14.png",
    "/Users/duan.d/Documents/GitHub/igcse-0509/.ppt_build/final-render-v3/slide-15.png",
    "/Users/duan.d/Documents/GitHub/igcse-0509/.ppt_build/final-render-v3/slide-16.png",
    "/Users/duan.d/Documents/GitHub/igcse-0509/.ppt_build/final-render-v3/slide-17.png",
    "/Users/duan.d/Documents/GitHub/igcse-0509/.ppt_build/final-render-v3/slide-18.png",
    "/Users/duan.d/Documents/GitHub/igcse-0509/.ppt_build/final-render-v3/slide-19.png",
    "/Users/duan.d/Documents/GitHub/igcse-0509/.ppt_build/final-render-v3/slide-20.png",
    "/Users/duan.d/Documents/GitHub/igcse-0509/.ppt_build/final-render-v3/slide-21.png",
    "/Users/duan.d/Documents/GitHub/igcse-0509/.ppt_build/final-render-v3/slide-22.png",
    "/Users/duan.d/Documents/GitHub/igcse-0509/.ppt_build/final-render-v3/slide-23.png",
    "/Users/duan.d/Documents/GitHub/igcse-0509/.ppt_build/final-render-v3/slide-24.png",
    "/Users/duan.d/Documents/GitHub/igcse-0509/.ppt_build/final-render-v3/slide-25.png",
    "/Users/duan.d/Documents/GitHub/igcse-0509/.ppt_build/final-render-v3/slide-26.png",
    "/Users/duan.d/Documents/GitHub/igcse-0509/.ppt_build/final-render-v3/slide-27.png",
    "/Users/duan.d/Documents/GitHub/igcse-0509/.ppt_build/final-render-v3/slide-28.png",
    "/Users/duan.d/Documents/GitHub/igcse-0509/.ppt_build/final-render-v3/slide-29.png",
    "/Users/duan.d/Documents/GitHub/igcse-0509/.ppt_build/final-render-v3/slide-30.png",
    "/Users/duan.d/Documents/GitHub/igcse-0509/.ppt_build/final-render-v3/slide-31.png",
    "/Users/duan.d/Documents/GitHub/igcse-0509/.ppt_build/final-render-v3/slide-32.png"
  ]
}
