{"kind":"deck","id":"pr/pvje1g","name":"Deck"}
{"kind":"layout","layoutId":"/ppt/slideMasters/slideMaster1.xml","name":"Master","type":"master"}
{"kind":"layout","layoutId":"/ppt/slideLayouts/slideLayout1.xml","name":"Title Slide","type":"title"}
{"kind":"slide","id":"sl/y90nupkv","slide":1,"title":"IGCSE 0509","textShapes":4}
{"kind":"shape","id":"sh/547294r6","slide":1,"bbox":[0,0,610,720]}
{"kind":"textbox","id":"sh/k3yl0zql","slide":1,"textChars":17,"textLines":2}
{"kind":"textbox","id":"sh/7qp4be9c","slide":1,"textChars":9,"textLines":2}
{"kind":"textbox","id":"sh/65g3298r","slide":1,"textChars":9,"textLines":1}
{"kind":"textbox","id":"sh/ts7md4r2","slide":1,"textChars":29,"textLines":3}
{"kind":"image","id":"im/dkb2xcfy","slide":1,"name":"","bbox":[0,0,1280,720]}
{"kind":"notes","id":"nt/y90nupkv","slide":1,"text":"开场。请学生先看插图中的物件，再回答：什么东西能让人想起自己的家人、语言或地方？不要求学生分享私密经历。 | 插图为原创 AI 插图，只用作课堂引入。"}
{"kind":"slide","id":"sl/hwbqtkby","slide":2,"title":"本单元的学习","textShapes":8}
{"kind":"shape","id":"sh/nu58f2hs","slide":2,"bbox":[0,0,1280,14]}
{"kind":"textbox","id":"sh/9072xkry","slide":2,"textChars":6,"textLines":1}
{"kind":"textbox","id":"sh/ozy1ofad","slide":2,"textChars":20,"textLines":1}
{"kind":"shape","id":"sh/b29kza94","slide":2,"bbox":[64,150,106,5]}
{"kind":"textbox","id":"sh/a10jqpsj","slide":2,"textChars":1,"textLines":1}
{"kind":"textbox","id":"sh/x4r21kru","slide":2,"textChars":16,"textLines":1}
{"kind":"shape","id":"sh/w3i1sfa9","slide":2,"bbox":[92,326,1020,0]}
{"kind":"textbox","id":"sh/r65knqtk","slide":2,"textChars":1,"textLines":1}
{"kind":"textbox","id":"sh/q5wjelsz","slide":2,"textChars":23,"textLines":1}
{"kind":"shape","id":"sh/ove9o7yd","slide":2,"bbox":[92,481,1020,0]}
{"kind":"textbox","id":"sh/9wnqhczy","slide":2,"textChars":1,"textLines":1}
{"kind":"textbox","id":"sh/mtwrmxg7","slide":2,"textChars":20,"textLines":1}
{"kind":"notes","id":"nt/hwbqtkby","slide":2,"text":"用本页说明学期产出。逐项阅读即可，不需要讲评分细则。"}
{"kind":"slide","id":"sl/ofy9wn61","slide":3,"title":"文化认同","textShapes":7}
{"kind":"shape","id":"sh/943mhgre","slide":3,"bbox":[0,0,1280,14]}
{"kind":"textbox","id":"sh/cza94vmx","slide":3,"textChars":4,"textLines":1}
{"kind":"textbox","id":"sh/d0jax03i","slide":3,"textChars":20,"textLines":1}
{"kind":"shape","id":"sh/298ryl4v","slide":3,"bbox":[64,150,106,5]}
{"kind":"textbox","id":"sh/3ah8rqlg","slide":3,"textChars":10,"textLines":1}
{"kind":"textbox","id":"sh/obq90bml","slide":3,"textChars":8,"textLines":1}
{"kind":"textbox","id":"sh/pcjqtg36","slide":3,"textChars":16,"textLines":1}
{"kind":"shape","id":"sh/m5cra54z","slide":3,"bbox":[780,195,0,350]}
{"kind":"textbox","id":"sh/n6ls3alk","slide":3,"textChars":8,"textLines":1}
{"kind":"textbox","id":"sh/n2l4fq98","slide":3,"textChars":17,"textLines":2}
{"kind":"shape","id":"sh/m1c3mlsn","slide":3,"bbox":[850,462,280,0]}
{"kind":"notes","id":"nt/ofy9wn61","slide":3,"text":"让学生安静书写 2 分钟。可选一题作答，保留到单元末回看。"}
{"kind":"slide","id":"sl/jyx0ra1s","slide":4,"title":"从现象走向意义","textShapes":9}
{"kind":"shape","id":"sh/w72947yt","slide":4,"bbox":[0,0,1280,14]}
{"kind":"textbox","id":"sh/1cj2d8b6","slide":4,"textChars":7,"textLines":1}
{"kind":"textbox","id":"sh/0ba143al","slide":4,"textChars":27,"textLines":1}
{"kind":"shape","id":"sh/rm1k7yt4","slide":4,"bbox":[64,150,106,5]}
{"kind":"textbox","id":"sh/ql8jytsj","slide":4,"textChars":4,"textLines":1}
{"kind":"textbox","id":"sh/doj29oba","slide":4,"textChars":17,"textLines":3}
{"kind":"shape","id":"sh/sna103ap","slide":4,"bbox":[365,330,130,0]}
{"kind":"textbox","id":"sh/3ihk3et8","slide":4,"textChars":3,"textLines":1}
{"kind":"textbox","id":"sh/ih8ju9sn","slide":4,"textChars":22,"textLines":3}
{"kind":"shape","id":"sh/kbm987y5","slide":4,"bbox":[840,330,130,0]}
{"kind":"textbox","id":"sh/5cva1cfq","slide":4,"textChars":5,"textLines":1}
{"kind":"textbox","id":"sh/i94r6xgz","slide":4,"textChars":11,"textLines":4}
{"kind":"textbox","id":"sh/jadsz2xk","slide":4,"textChars":21,"textLines":1}
{"kind":"notes","id":"nt/jyx0ra1s","slide":4,"text":"用学生熟悉的节日、语言或家庭习惯示范。提醒学生：同一文化背景的人不一定有相同经验。"}
{"kind":"slide","id":"sl/i107q5of","slide":5,"title":"课文一","textShapes":4}
{"kind":"shape","id":"sh/dgbulwnm","slide":5,"bbox":[0,0,605,720]}
{"kind":"textbox","id":"sh/cf2tcr61","slide":5,"textChars":3,"textLines":1}
{"kind":"textbox","id":"sh/z2tcnm5s","slide":5,"textChars":5,"textLines":1}
{"kind":"textbox","id":"sh/yhkbe1o7","slide":5,"textChars":11,"textLines":1}
{"kind":"textbox","id":"sh/l4bupwny","slide":5,"textChars":19,"textLines":1}
{"kind":"image","id":"im/h8juxg7q","slide":5,"name":"","bbox":[490,0,790,720]}
{"kind":"notes","id":"nt/i107q5of","slide":5,"text":"第 1 课导入。先不解释人物身份。请学生看画面，写下两项可以观察到的事实和一项不能从画面确定的事。 | 插图为原创 AI 插图，不代表文本人物的真实肖像。"}
{"kind":"slide","id":"sl/x8f69ofe","slide":6,"title":"谁在命名她","textShapes":7}
{"kind":"shape","id":"sh/w32twb6l","slide":6,"bbox":[0,0,1280,14]}
{"kind":"textbox","id":"sh/yhg7epsj","slide":6,"textChars":5,"textLines":1}
{"kind":"textbox","id":"sh/zi98nu94","slide":6,"textChars":22,"textLines":1}
{"kind":"shape","id":"sh/87ipkzal","slide":6,"bbox":[64,150,106,5]}
{"kind":"textbox","id":"sh/98rqt4r6","slide":6,"textChars":6,"textLines":1}
{"kind":"textbox","id":"sh/ml07i9sv","slide":6,"textChars":8,"textLines":3}
{"kind":"shape","id":"sh/7m98ru9g","slide":6,"bbox":[600,195,0,270]}
{"kind":"textbox","id":"sh/oryp8fah","slide":6,"textChars":7,"textLines":1}
{"kind":"textbox","id":"sh/pc76hkr2","slide":6,"textChars":10,"textLines":3}
{"kind":"textbox","id":"sh/h4bupgn6","slide":6,"textChars":31,"textLines":1}
{"kind":"notes","id":"nt/x8f69ofe","slide":6,"text":"第 1 课。请各组先阅读指定段落，再在课本标出一个称呼和一处关系细节。"}
{"kind":"slide","id":"sl/gnmp4jqx","slide":7,"title":"从细节到推断","textShapes":9}
{"kind":"shape","id":"sh/n6x0fqlo","slide":7,"bbox":[0,0,1280,14]}
{"kind":"textbox","id":"sh/cb2tkvap","slide":7,"textChars":6,"textLines":1}
{"kind":"textbox","id":"sh/dcbud0ra","slide":7,"textChars":20,"textLines":1}
{"kind":"shape","id":"sh/ydkbm5sv","slide":7,"bbox":[64,150,106,5]}
{"kind":"textbox","id":"sh/zedcfa9g","slide":7,"textChars":6,"textLines":1}
{"kind":"textbox","id":"sh/kzmdova1","slide":7,"textChars":11,"textLines":1}
{"kind":"shape","id":"sh/l0vuh0rm","slide":7,"bbox":[420,307,115,0]}
{"kind":"textbox","id":"sh/eh0ba1sr","slide":7,"textChars":5,"textLines":1}
{"kind":"textbox","id":"sh/fi9c369c","slide":7,"textChars":10,"textLines":1}
{"kind":"shape","id":"sh/baxkjqlk","slide":7,"bbox":[895,307,115,0]}
{"kind":"textbox","id":"sh/a9ojq5kz","slide":7,"textChars":7,"textLines":1}
{"kind":"textbox","id":"sh/xcz2l03q","slide":7,"textChars":11,"textLines":1}
{"kind":"textbox","id":"sh/cbq1sv25","slide":7,"textChars":26,"textLines":1}
{"kind":"notes","id":"nt/gnmp4jqx","slide":7,"text":"教师先示范一个不涉及标准答案的例子。学生随后从课本挑选另一个细节完成同样的三步。"}
{"kind":"slide","id":"sl/fu1gfa1s","slide":8,"title":"一包盐，一斗米","textShapes":7}
{"kind":"shape","id":"sh/98rehwve","slide":8,"bbox":[0,0,1280,14]}
{"kind":"textbox","id":"sh/18byd4zy","slide":8,"textChars":7,"textLines":1}
{"kind":"textbox","id":"sh/g72x4zyd","slide":8,"textChars":18,"textLines":1}
{"kind":"shape","id":"sh/ri9g7uhw","slide":8,"bbox":[64,150,106,5]}
{"kind":"textbox","id":"sh/6h0fypgb","slide":8,"textChars":11,"textLines":1}
{"kind":"textbox","id":"sh/tkby9kzm","slide":8,"textChars":15,"textLines":4}
{"kind":"shape","id":"sh/sjix0zy1","slide":8,"bbox":[575,185,0,310]}
{"kind":"textbox","id":"sh/je9g3ahk","slide":8,"textChars":9,"textLines":1}
{"kind":"textbox","id":"sh/id0fu50z","slide":8,"textChars":43,"textLines":3}
{"kind":"textbox","id":"sh/o7ydoret","slide":8,"textChars":21,"textLines":1}
{"kind":"notes","id":"nt/fu1gfa1s","slide":8,"text":"第 2 课。先投票，再阅读课文。讨论时不评价人物“好不好”，只解释她为什么这样做。"}
{"kind":"slide","id":"sl/udsvah03","slide":9,"title":"山路上的歌","textShapes":8}
{"kind":"shape","id":"sh/3y107axw","slide":9,"bbox":[0,0,1280,14]}
{"kind":"textbox","id":"sh/1cfmhgne","slide":9,"textChars":5,"textLines":1}
{"kind":"textbox","id":"sh/0b65obm9","slide":9,"textChars":25,"textLines":1}
{"kind":"shape","id":"sh/nex4jq5k","slide":9,"bbox":[64,150,106,5]}
{"kind":"shape","id":"sh/mdonql4z","slide":9,"bbox":[74,190,405,330]}
{"kind":"textbox","id":"sh/9gzml0nq","slide":9,"textChars":4,"textLines":1}
{"kind":"shape","id":"sh/ofq5svm5","slide":9,"bbox":[124,264,305,0]}
{"kind":"textbox","id":"sh/bih4na5w","slide":9,"textChars":37,"textLines":5}
{"kind":"textbox","id":"sh/ah8nu54b","slide":9,"textChars":2,"textLines":1}
{"kind":"textbox","id":"sh/oza1gfyh","slide":9,"textChars":11,"textLines":3}
{"kind":"textbox","id":"sh/p0ji9kf2","slide":9,"textChars":3,"textLines":1}
{"kind":"textbox","id":"sh/2xsjepgb","slide":9,"textChars":11,"textLines":3}
{"kind":"notes","id":"nt/udsvah03","slide":9,"text":"替换为一张横向风景照片。图片只作情境，不承担文本证据。建议把照片裁切成左侧留出空白。"}
{"kind":"slide","id":"sl/m90b6t0r","slide":10,"title":"看得见的细节，看不见的经历","textShapes":9}
{"kind":"shape","id":"sh/0bit8b2d","slide":10,"bbox":[0,0,1280,14]}
{"kind":"textbox","id":"sh/xc3mho32","slide":10,"textChars":13,"textLines":1}
{"kind":"textbox","id":"sh/cbu58j2h","slide":10,"textChars":21,"textLines":1}
{"kind":"shape","id":"sh/zelojyl8","slide":10,"bbox":[64,150,106,5]}
{"kind":"textbox","id":"sh/ydcnatkn","slide":10,"textChars":4,"textLines":1}
{"kind":"textbox","id":"sh/l036l83y","slide":10,"textChars":15,"textLines":4}
{"kind":"shape","id":"sh/kzu5c32t","slide":10,"bbox":[400,328,115,0]}
{"kind":"textbox","id":"sh/725onyl4","slide":10,"textChars":5,"textLines":1}
{"kind":"textbox","id":"sh/m1cnetkj","slide":10,"textChars":17,"textLines":2}
{"kind":"shape","id":"sh/s7yt4b21","slide":10,"bbox":[865,328,115,0]}
{"kind":"textbox","id":"sh/d87uxg3m","slide":10,"textChars":7,"textLines":1}
{"kind":"textbox","id":"sh/q5gb21kb","slide":10,"textChars":12,"textLines":2}
{"kind":"textbox","id":"sh/r6pcv6lw","slide":10,"textChars":22,"textLines":1}
{"kind":"notes","id":"nt/m90b6t0r","slide":10,"text":"让每组任选一项细节完成三层解释。课堂只接受有课文依据的推断。"}
{"kind":"slide","id":"sl/jetc3ut0","slide":11,"title":"标题与结构","textShapes":6}
{"kind":"shape","id":"sh/ofqtgnyt","slide":11,"bbox":[0,0,1280,14]}
{"kind":"textbox","id":"sh/xcryxg7y","slide":11,"textChars":5,"textLines":1}
{"kind":"textbox","id":"sh/wbih4b6d","slide":11,"textChars":25,"textLines":1}
{"kind":"shape","id":"sh/n69grmpw","slide":11,"bbox":[64,150,106,5]}
{"kind":"textbox","id":"sh/250zy18b","slide":11,"textChars":5,"textLines":1}
{"kind":"textbox","id":"sh/98rytw72","slide":11,"textChars":24,"textLines":5}
{"kind":"shape","id":"sh/o7ih0r6h","slide":11,"bbox":[475,184,0,345]}
{"kind":"textbox","id":"sh/72t03qp0","slide":11,"textChars":4,"textLines":1}
{"kind":"textbox","id":"sh/61kzalof","slide":11,"textChars":47,"textLines":5}
{"kind":"notes","id":"nt/jetc3ut0","slide":11,"text":"第 4 课。先让学生以小组将事件排成时间线，然后回到标题。不要先给出作者意图。"}
{"kind":"slide","id":"sl/8f2psfyx","slide":12,"title":"描写：一个瞬间，看见一个人","textShapes":9}
{"kind":"shape","id":"sh/bulo7u58","slide":12,"bbox":[0,0,1280,14]}
{"kind":"textbox","id":"sh/1gbm9s3a","slide":12,"textChars":13,"textLines":1}
{"kind":"textbox","id":"sh/0f2lgnmp","slide":12,"textChars":25,"textLines":1}
{"kind":"shape","id":"sh/ra943il8","slide":12,"bbox":[64,150,106,5]}
{"kind":"textbox","id":"sh/q903ad4n","slide":12,"textChars":3,"textLines":1}
{"kind":"textbox","id":"sh/dcbm583y","slide":12,"textChars":6,"textLines":1}
{"kind":"textbox","id":"sh/sb2lcnmd","slide":12,"textChars":4,"textLines":1}
{"kind":"textbox","id":"sh/b6d4f2lc","slide":12,"textChars":9,"textLines":1}
{"kind":"textbox","id":"sh/a543mx4r","slide":12,"textChars":4,"textLines":1}
{"kind":"textbox","id":"sh/wvupgz6t","slide":12,"textChars":13,"textLines":1}
{"kind":"shape","id":"sh/xw3q94ne","slide":12,"bbox":[94,402,1010,0]}
{"kind":"textbox","id":"sh/atc7epon","slide":12,"textChars":45,"textLines":1}
{"kind":"notes","id":"nt/8f2psfyx","slide":12,"text":"第 5 课。投影后先给 8 分钟构思，再写开头。学生可改写自己的经验，也可从提供的虚构情境出发。"}
{"kind":"slide","id":"sl/hgzapcr6","slide":13,"title":"描写的同伴反馈","textShapes":7}
{"kind":"shape","id":"sh/gb6x0zm9","slide":13,"bbox":[0,0,1280,14]}
{"kind":"textbox","id":"sh/q50nydsj","slide":13,"textChars":7,"textLines":1}
{"kind":"textbox","id":"sh/bq9orito","slide":13,"textChars":23,"textLines":1}
{"kind":"shape","id":"sh/o3i5w3ad","slide":13,"bbox":[64,150,106,5]}
{"kind":"textbox","id":"sh/p4r6p8by","slide":13,"textChars":6,"textLines":1}
{"kind":"textbox","id":"sh/21gnuts7","slide":13,"textChars":23,"textLines":2}
{"kind":"shape","id":"sh/32ponyts","slide":13,"bbox":[620,195,0,280]}
{"kind":"textbox","id":"sh/gzy5s3a1","slide":13,"textChars":7,"textLines":1}
{"kind":"textbox","id":"sh/1076lobm","slide":13,"textChars":18,"textLines":2}
{"kind":"textbox","id":"sh/hcfy9k3u","slide":13,"textChars":30,"textLines":1}
{"kind":"notes","id":"nt/hgzapcr6","slide":13,"text":"交换段落。每位学生只写两条反馈，并圈出相应句子。避免“很好”“多一点细节”等泛泛评价。"}
{"kind":"slide","id":"sl/6lsnupw7","slide":14,"title":"阅读短答","textShapes":9}
{"kind":"shape","id":"sh/a1wze9g7","slide":14,"bbox":[0,0,1280,14]}
{"kind":"textbox","id":"sh/xc7eds76","slide":14,"textChars":4,"textLines":1}
{"kind":"textbox","id":"sh/wbydknq1","slide":14,"textChars":22,"textLines":1}
{"kind":"shape","id":"sh/jepwf2pc","slide":14,"bbox":[64,150,106,5]}
{"kind":"textbox","id":"sh/idgvmx8r","slide":14,"textChars":2,"textLines":1}
{"kind":"textbox","id":"sh/5grehs7i","slide":14,"textChars":14,"textLines":2}
{"kind":"textbox","id":"sh/kfidonqx","slide":14,"textChars":2,"textLines":1}
{"kind":"textbox","id":"sh/zi5c3y98","slide":14,"textChars":17,"textLines":2}
{"kind":"textbox","id":"sh/ehwvat8n","slide":14,"textChars":2,"textLines":1}
{"kind":"textbox","id":"sh/c3e1gjyd","slide":14,"textChars":16,"textLines":2}
{"kind":"textbox","id":"sh/x4ni9ofy","slide":14,"textChars":28,"textLines":1}
{"kind":"notes","id":"nt/6lsnupw7","slide":14,"text":"用《假黎婆》一小段或陌生现代文。先让学生标出题目动词，再独立完成其中一题。"}
{"kind":"slide","id":"sl/vaxsvy10","slide":15,"title":"课文二","textShapes":4}
{"kind":"shape","id":"sh/547mhg3m","slide":15,"bbox":[0,0,605,720]}
{"kind":"textbox","id":"sh/k3y5ov21","slide":15,"textChars":3,"textLines":1}
{"kind":"textbox","id":"sh/76p4jqls","slide":15,"textChars":9,"textLines":2}
{"kind":"textbox","id":"sh/65gnqlk7","slide":15,"textChars":15,"textLines":1}
{"kind":"textbox","id":"sh/t87ml0ji","slide":15,"textChars":19,"textLines":1}
{"kind":"image","id":"im/xs3axs76","slide":15,"name":"","bbox":[490,0,790,720]}
{"kind":"notes","id":"nt/vaxsvy10","slide":15,"text":"此处是回应概括性写作题，不是独立课文。先把两篇短文作为一个材料组处理。 | 插图为原创 AI 插图，只作课堂情境，不代表真实族群或政策情境。"}
{"kind":"slide","id":"sl/gny5sjyp","slide":16,"title":"两则短文，一个题目","textShapes":7}
{"kind":"shape","id":"sh/e1sf65o3","slide":16,"bbox":[0,0,1280,14]}
{"kind":"textbox","id":"sh/8z2h8bq1","slide":16,"textChars":9,"textLines":1}
{"kind":"textbox","id":"sh/9kby1g7m","slide":16,"textChars":25,"textLines":1}
{"kind":"shape","id":"sh/ytkf2h8j","slide":16,"bbox":[64,150,106,5]}
{"kind":"textbox","id":"sh/zutgvm94","slide":16,"textChars":3,"textLines":1}
{"kind":"textbox","id":"sh/kv2h4rqp","slide":16,"textChars":22,"textLines":3}
{"kind":"shape","id":"sh/lwbyxwra","slide":16,"bbox":[620,195,0,290]}
{"kind":"textbox","id":"sh/ip4zel83","slide":16,"textChars":3,"textLines":1}
{"kind":"textbox","id":"sh/3qdg7qpo","slide":16,"textChars":26,"textLines":3}
{"kind":"textbox","id":"sh/fm1gzq5o","slide":16,"textChars":28,"textLines":1}
{"kind":"notes","id":"nt/gny5sjyp","slide":16,"text":"请学生打开教材对应页面。不要朗读整页；给 4 分钟默读，要求学生只写两则短文各自最重要的一句话。"}
{"kind":"slide","id":"sl/14bup87q","slide":17,"title":"第一遍阅读：给信息分类","textShapes":9}
{"kind":"shape","id":"sh/3ap8fm50","slide":17,"bbox":[0,0,1280,14]}
{"kind":"textbox","id":"sh/1c7e50ni","slide":17,"textChars":11,"textLines":1}
{"kind":"textbox","id":"sh/gbedwfmx","slide":17,"textChars":19,"textLines":1}
{"kind":"shape","id":"sh/rm5czq50","slide":17,"bbox":[64,150,106,5]}
{"kind":"textbox","id":"sh/6lwvql4v","slide":17,"textChars":4,"textLines":1}
{"kind":"textbox","id":"sh/t8ne10n6","slide":17,"textChars":16,"textLines":1}
{"kind":"textbox","id":"sh/snedsvml","slide":17,"textChars":4,"textLines":1}
{"kind":"textbox","id":"sh/jilcvq54","slide":17,"textChars":14,"textLines":1}
{"kind":"textbox","id":"sh/ihcvml4j","slide":17,"textChars":4,"textLines":1}
{"kind":"textbox","id":"sh/4by9or6l","slide":17,"textChars":15,"textLines":1}
{"kind":"shape","id":"sh/pc7qhwn6","slide":17,"bbox":[100,450,1070,0]}
{"kind":"textbox","id":"sh/29grm1of","slide":17,"textChars":25,"textLines":1}
{"kind":"notes","id":"nt/14bup87q","slide":17,"text":"沿用教材活动。准备三种颜色的荧光笔或符号。学生标注时必须写清选段属于哪一类。"}
{"kind":"slide","id":"sl/y5wne50z","slide":18,"title":"从材料到问题","textShapes":11}
{"kind":"shape","id":"sh/7mpknmp0","slide":18,"bbox":[0,0,1280,14]}
{"kind":"textbox","id":"sh/wrelszu9","slide":18,"textChars":6,"textLines":1}
{"kind":"textbox","id":"sh/hsn2l4bu","slide":18,"textChars":24,"textLines":1}
{"kind":"shape","id":"sh/itw3upcf","slide":18,"bbox":[64,150,106,5]}
{"kind":"textbox","id":"sh/je5knut0","slide":18,"textChars":2,"textLines":1}
{"kind":"textbox","id":"sh/4felwzu5","slide":18,"textChars":13,"textLines":2}
{"kind":"textbox","id":"sh/5gnmp4bq","slide":18,"textChars":2,"textLines":1}
{"kind":"textbox","id":"sh/6hw3y9sb","slide":18,"textChars":19,"textLines":2}
{"kind":"textbox","id":"sh/rip4retw","slide":18,"textChars":2,"textLines":1}
{"kind":"textbox","id":"sh/fapkr6pw","slide":18,"textChars":17,"textLines":2}
{"kind":"textbox","id":"sh/upg3i18r","slide":18,"textChars":3,"textLines":1}
{"kind":"textbox","id":"sh/1cr2tg72","slide":18,"textChars":9,"textLines":1}
{"kind":"textbox","id":"sh/gbylkbqh","slide":18,"textChars":27,"textLines":1}
{"kind":"notes","id":"nt/y5wne50z","slide":18,"text":"把学生分成四组，分别代表家庭、学校、社区与新移民。这样可讨论不同需要，又不要求学生扮演特定族群。"}
{"kind":"slide","id":"sl/nid43ytk","slide":19,"title":"两则短文的比较","textShapes":3}
{"kind":"shape","id":"sh/wj2psvat","slide":19,"bbox":[0,0,1280,14]}
{"kind":"textbox","id":"sh/9gb6xgbi","slide":19,"textChars":7,"textLines":1}
{"kind":"textbox","id":"sh/8v2pobax","slide":19,"textChars":16,"textLines":1}
{"kind":"shape","id":"sh/vitozqt8","slide":19,"bbox":[64,150,106,5]}
{"kind":"textbox","id":"sh/xkbq10be","slide":19,"textChars":14,"textLines":1}
{"kind":"table","id":"tb/mdonq9s7","slide":19,"name":"","rows":4,"cols":3,"preview":"材料问题 | 短文一 | 短文二","bbox":[78,205,1120,300]}
{"kind":"notes","id":"nt/nid43ytk","slide":19,"text":"让学生在教材边上完成，之后同伴互换检查。强调：不能只写“文章一说……文章二说……”。"}
{"kind":"slide","id":"sl/zyxsni5k","slide":20,"title":"回应概括性写作任务","textShapes":9}
{"kind":"shape","id":"sh/qh4nupg7","slide":20,"bbox":[0,0,1280,14]}
{"kind":"textbox","id":"sh/qpwjmh8n","slide":20,"textChars":9,"textLines":1}
{"kind":"textbox","id":"sh/rq50vmp8","slide":20,"textChars":26,"textLines":1}
{"kind":"shape","id":"sh/4nu1krqh","slide":20,"bbox":[64,150,106,5]}
{"kind":"textbox","id":"sh/po3itc72","slide":20,"textChars":4,"textLines":1}
{"kind":"textbox","id":"sh/2lczih8r","slide":20,"textChars":10,"textLines":1}
{"kind":"textbox","id":"sh/3ml0rmpw","slide":20,"textChars":4,"textLines":1}
{"kind":"textbox","id":"sh/gjuhg7ql","slide":20,"textChars":23,"textLines":2}
{"kind":"textbox","id":"sh/hk3ipcr6","slide":20,"textChars":4,"textLines":1}
{"kind":"textbox","id":"sh/dkfmp4zy","slide":20,"textChars":20,"textLines":2}
{"kind":"shape","id":"sh/cj65wzyd","slide":20,"bbox":[96,425,1080,0]}
{"kind":"textbox","id":"sh/rid4nuhs","slide":20,"textChars":36,"textLines":1}
{"kind":"notes","id":"nt/zyxsni5k","slide":20,"text":"这是根据教材双文本设计的课堂练习。限时和字数按学校安排；重点不是背政策，而是选择、整合、改写两篇材料。"}
{"kind":"slide","id":"sl/m1wvqtk3","slide":21,"title":"写前计划","textShapes":11}
{"kind":"shape","id":"sh/wvax03q1","slide":21,"bbox":[0,0,1280,14]}
{"kind":"textbox","id":"sh/1gbmxs7a","slide":21,"textChars":4,"textLines":1}
{"kind":"textbox","id":"sh/0f2lon6p","slide":21,"textChars":18,"textLines":1}
{"kind":"shape","id":"sh/ra9kryp8","slide":21,"bbox":[64,150,106,5]}
{"kind":"textbox","id":"sh/qp03yt8n","slide":21,"textChars":2,"textLines":1}
{"kind":"textbox","id":"sh/dcb2t87y","slide":21,"textChars":13,"textLines":1}
{"kind":"textbox","id":"sh/sb2lk36t","slide":21,"textChars":3,"textLines":1}
{"kind":"textbox","id":"sh/b6d432pc","slide":21,"textChars":15,"textLines":2}
{"kind":"textbox","id":"sh/al43uxor","slide":21,"textChars":3,"textLines":1}
{"kind":"textbox","id":"sh/4jax4nqd","slide":21,"textChars":15,"textLines":2}
{"kind":"textbox","id":"sh/5kjydsri","slide":21,"textChars":2,"textLines":1}
{"kind":"textbox","id":"sh/ixsf2d87","slide":21,"textChars":4,"textLines":1}
{"kind":"textbox","id":"sh/jy1gbi9s","slide":21,"textChars":31,"textLines":1}
{"kind":"notes","id":"nt/m1wvqtk3","slide":21,"text":"先给 5 分钟填写；教师巡视时只问“这一项信息怎样帮助你的读者”，不直接替学生选信息。"}
{"kind":"slide","id":"sl/5onypobq","slide":22,"title":"回应概括性写作反馈","textShapes":11}
{"kind":"shape","id":"sh/hgf6pcr6","slide":22,"bbox":[0,0,1280,14]}
{"kind":"textbox","id":"sh/6987itcr","slide":22,"textChars":9,"textLines":1}
{"kind":"textbox","id":"sh/7a18rydc","slide":22,"textChars":24,"textLines":1}
{"kind":"shape","id":"sh/k7qpgjul","slide":22,"bbox":[64,150,106,5]}
{"kind":"textbox","id":"sh/58zqpov6","slide":22,"textChars":2,"textLines":1}
{"kind":"textbox","id":"sh/il87etcv","slide":22,"textChars":12,"textLines":1}
{"kind":"textbox","id":"sh/jmh8nyd0","slide":22,"textChars":2,"textLines":1}
{"kind":"textbox","id":"sh/43u9snu5","slide":22,"textChars":17,"textLines":1}
{"kind":"textbox","id":"sh/p43q1sva","slide":22,"textChars":2,"textLines":1}
{"kind":"textbox","id":"sh/p4z6tcri","slide":22,"textChars":14,"textLines":1}
{"kind":"textbox","id":"sh/436507qx","slide":22,"textChars":2,"textLines":1}
{"kind":"textbox","id":"sh/3ixor29c","slide":22,"textChars":13,"textLines":1}
{"kind":"textbox","id":"sh/2honyx8r","slide":22,"textChars":38,"textLines":1}
{"kind":"notes","id":"nt/5onypobq","slide":22,"text":"可让学生先用本页圈出自己最有把握的一段。教师反馈建议保留一项有效做法和一个下一次可执行目标。"}
{"kind":"slide","id":"sl/c7uhcr6t","slide":23,"title":"课文三","textShapes":4}
{"kind":"shape","id":"sh/xovqhcz2","slide":23,"bbox":[0,0,1280,720]}
{"kind":"textbox","id":"sh/90vqdczq","slide":23,"textChars":3,"textLines":1}
{"kind":"textbox","id":"sh/8zm9k7y5","slide":23,"textChars":14,"textLines":2}
{"kind":"textbox","id":"sh/v2d8fmhw","slide":23,"textChars":11,"textLines":1}
{"kind":"textbox","id":"sh/a14rmhgb","slide":23,"textChars":19,"textLines":1}
{"kind":"notes","id":"nt/c7uhcr6t","slide":23,"text":"本课为独立议论文阅读。先让学生从标题说出他们预测的争议，再读课文验证标题是否等于作者真正的立场。"}
{"kind":"slide","id":"sl/7qto7e10","slide":24,"title":"争议的表面与核心","textShapes":7}
{"kind":"shape","id":"sh/mtwz6h0f","slide":24,"bbox":[0,0,1280,14]}
{"kind":"textbox","id":"sh/1sfqxsv6","slide":24,"textChars":8,"textLines":1}
{"kind":"textbox","id":"sh/0r6p4nul","slide":24,"textChars":26,"textLines":1}
{"kind":"shape","id":"sh/nux8zidc","slide":24,"bbox":[64,150,106,5]}
{"kind":"shape","id":"sh/2to76dcr","slide":24,"bbox":[72,190,430,335]}
{"kind":"textbox","id":"sh/9wzq1svi","slide":24,"textChars":4,"textLines":1}
{"kind":"shape","id":"sh/ov6p8nux","slide":24,"bbox":[122,264,330,0]}
{"kind":"textbox","id":"sh/3ydonyd8","slide":24,"textChars":40,"textLines":4}
{"kind":"textbox","id":"sh/ix47utcn","slide":24,"textChars":6,"textLines":1}
{"kind":"textbox","id":"sh/8veh8ril","slide":24,"textChars":17,"textLines":2}
{"kind":"textbox","id":"sh/9wni1wjq","slide":24,"textChars":22,"textLines":2}
{"kind":"notes","id":"nt/7qto7e10","slide":24,"text":"将此处替换成一张具有对比感的横向照片。投影后先让学生写下“我以为问题在于……”。"}
{"kind":"slide","id":"sl/69wfm9o7","slide":25,"title":"阅读路线","textShapes":11}
{"kind":"shape","id":"sh/8ba98bqt","slide":25,"bbox":[0,0,1280,14]}
{"kind":"textbox","id":"sh/xg7axgf2","slide":25,"textChars":4,"textLines":1}
{"kind":"textbox","id":"sh/cfyt4beh","slide":25,"textChars":17,"textLines":1}
{"kind":"shape","id":"sh/napsr6x0","slide":25,"bbox":[64,150,106,5]}
{"kind":"textbox","id":"sh/29wby1wf","slide":25,"textChars":5,"textLines":1}
{"kind":"textbox","id":"sh/pc7atgf6","slide":25,"textChars":7,"textLines":1}
{"kind":"textbox","id":"sh/obyt0bel","slide":25,"textChars":5,"textLines":1}
{"kind":"textbox","id":"sh/fm5snmx4","slide":25,"textChars":14,"textLines":1}
{"kind":"textbox","id":"sh/elwbu1wj","slide":25,"textChars":5,"textLines":1}
{"kind":"textbox","id":"sh/wza9cbqp","slide":25,"textChars":8,"textLines":1}
{"kind":"textbox","id":"sh/h0jalgra","slide":25,"textChars":9,"textLines":1}
{"kind":"textbox","id":"sh/uxsra18j","slide":25,"textChars":10,"textLines":1}
{"kind":"textbox","id":"sh/vy1sj694","slide":25,"textChars":26,"textLines":1}
{"kind":"notes","id":"nt/69wfm9o7","slide":25,"text":"把课文分为四段阅读。每组负责一部分，分享时只用一句“作者在这里想让读者看到……”。"}
{"kind":"slide","id":"sl/l0bepsfm","slide":26,"title":"把问题读清楚","textShapes":7}
{"kind":"shape","id":"sh/krat8z2x","slide":26,"bbox":[0,0,1280,14]}
{"kind":"textbox","id":"sh/uhk36lk7","slide":26,"textChars":6,"textLines":1}
{"kind":"textbox","id":"sh/vitkzqlc","slide":26,"textChars":33,"textLines":1}
{"kind":"shape","id":"sh/8fil4b21","slide":26,"bbox":[64,150,106,5]}
{"kind":"textbox","id":"sh/tgr2xg3m","slide":26,"textChars":9,"textLines":1}
{"kind":"textbox","id":"sh/md0321kv","slide":26,"textChars":11,"textLines":1}
{"kind":"shape","id":"sh/7e9kv6lg","slide":26,"bbox":[635,195,0,270]}
{"kind":"textbox","id":"sh/kbil0r2p","slide":26,"textChars":8,"textLines":1}
{"kind":"textbox","id":"sh/lcr2tw3a","slide":26,"textChars":32,"textLines":2}
{"kind":"textbox","id":"sh/lsja143i","slide":26,"textChars":25,"textLines":1}
{"kind":"notes","id":"nt/l0bepsfm","slide":26,"text":"在学生读完全文后使用。让学生先完成左右两栏，再结合第 5 至 8 段修订自己的答案。"}
{"kind":"slide","id":"sl/4vyxknqp","slide":27,"title":"论点、证据、推理","textShapes":9}
{"kind":"shape","id":"sh/bq5gr298","slide":27,"bbox":[0,0,1280,14]}
{"kind":"textbox","id":"sh/kn694nmx","slide":27,"textChars":8,"textLines":1}
{"kind":"textbox","id":"sh/lofadsni","slide":27,"textChars":21,"textLines":1}
{"kind":"shape","id":"sh/mpor6x43","slide":27,"bbox":[64,150,106,5]}
{"kind":"textbox","id":"sh/7qxsfi5o","slide":27,"textChars":2,"textLines":1}
{"kind":"textbox","id":"sh/8r698nm9","slide":27,"textChars":11,"textLines":1}
{"kind":"shape","id":"sh/9sfahsnu","slide":27,"bbox":[425,308,115,0]}
{"kind":"textbox","id":"sh/utobax4f","slide":27,"textChars":2,"textLines":1}
{"kind":"textbox","id":"sh/vuxsj250","slide":27,"textChars":14,"textLines":1}
{"kind":"shape","id":"sh/ju5gv294","slide":27,"bbox":[905,308,115,0]}
{"kind":"textbox","id":"sh/ytwfmx8j","slide":27,"textChars":2,"textLines":1}
{"kind":"textbox","id":"sh/lw7yxcra","slide":27,"textChars":9,"textLines":1}
{"kind":"textbox","id":"sh/kvyxo7qp","slide":27,"textChars":30,"textLines":1}
{"kind":"notes","id":"nt/4vyxknqp","slide":27,"text":"让学生各找一处论点和一项对应证据。若认为推理不足，也要说明缺少什么信息。"}
{"kind":"slide","id":"sl/3mdove10","slide":28,"title":"论证手法","textShapes":2}
{"kind":"shape","id":"sh/exwzahkr","slide":28,"bbox":[0,0,1280,14]}
{"kind":"textbox","id":"sh/q9cz6xkv","slide":28,"textChars":4,"textLines":1}
{"kind":"textbox","id":"sh/ralgf21g","slide":28,"textChars":24,"textLines":1}
{"kind":"shape","id":"sh/0zehcr2x","slide":28,"bbox":[64,150,106,5]}
{"kind":"table","id":"tb/6dwva9kv","slide":28,"name":"","rows":5,"cols":3,"preview":"手法 | 课文中可找的地方 | 可能的作用","bbox":[70,190,1140,355]}
{"kind":"notes","id":"nt/3mdove10","slide":28,"text":"课本列有多种论证法。本页只保留最适合本篇的四种，便于学生真正找得到例子。"}
{"kind":"slide","id":"sl/i5o3q10v","slide":29,"title":"小组讨论：文化空间与商业","textShapes":9}
{"kind":"shape","id":"sh/idkbuxsv","slide":29,"bbox":[0,0,1280,14]}
{"kind":"textbox","id":"sh/tk36hwby","slide":29,"textChars":12,"textLines":1}
{"kind":"textbox","id":"sh/8jup8rad","slide":29,"textChars":18,"textLines":1}
{"kind":"shape","id":"sh/vmlojmto","slide":29,"bbox":[64,150,106,5]}
{"kind":"textbox","id":"sh/ulc7a1s3","slide":29,"textChars":6,"textLines":1}
{"kind":"textbox","id":"sh/h8n6lwbu","slide":29,"textChars":13,"textLines":1}
{"kind":"textbox","id":"sh/g7upcra9","slide":29,"textChars":7,"textLines":1}
{"kind":"textbox","id":"sh/bq1o72tk","slide":29,"textChars":16,"textLines":1}
{"kind":"textbox","id":"sh/apsnyxcz","slide":29,"textChars":7,"textLines":1}
{"kind":"textbox","id":"sh/kf2tw7a1","slide":29,"textChars":20,"textLines":1}
{"kind":"textbox","id":"sh/5gbupcrm","slide":29,"textChars":23,"textLines":1}
{"kind":"notes","id":"nt/i5o3q10v","slide":29,"text":"先让每位学生写下个人立场，再组成四人小组。要求学生至少引用课文一个例子，也可以保留条件式立场。"}
{"kind":"slide","id":"sl/wnqh07ex","slide":30,"title":"从议论文到自己的写作","textShapes":10}
{"kind":"shape","id":"sh/cbaxczit","slide":30,"bbox":[0,0,1280,14]}
{"kind":"textbox","id":"sh/po72d8nm","slide":30,"textChars":10,"textLines":1}
{"kind":"textbox","id":"sh/o3yl4361","slide":30,"textChars":26,"textLines":1}
{"kind":"shape","id":"sh/bqpkfy5s","slide":30,"bbox":[64,150,106,5]}
{"kind":"textbox","id":"sh/apg36do7","slide":30,"textChars":2,"textLines":1}
{"kind":"textbox","id":"sh/xsr2h8ni","slide":30,"textChars":35,"textLines":2}
{"kind":"shape","id":"sh/cril836d","slide":30,"bbox":[94,412,1070,0]}
{"kind":"textbox","id":"sh/ru5k3ep8","slide":30,"textChars":4,"textLines":1}
{"kind":"textbox","id":"sh/6twju9o3","slide":30,"textChars":7,"textLines":1}
{"kind":"textbox","id":"sh/onqx8zix","slide":30,"textChars":4,"textLines":1}
{"kind":"textbox","id":"sh/p8ze14zi","slide":30,"textChars":16,"textLines":1}
{"kind":"textbox","id":"sh/2l8f6p0r","slide":30,"textChars":6,"textLines":1}
{"kind":"textbox","id":"sh/3mhwzu1c","slide":30,"textChars":16,"textLines":1}
{"kind":"notes","id":"nt/wnqh07ex","slide":30,"text":"提示学生先选立场与文体。不要要求全班得出同一个结论。可作为 30 分钟计划练习或卷二作文准备。"}
{"kind":"slide","id":"sl/lcn6tkb6","slide":31,"title":"本学期的作品档案","textShapes":9}
{"kind":"shape","id":"sh/3ud4n290","slide":31,"bbox":[0,0,1280,14]}
{"kind":"textbox","id":"sh/dgja98fe","slide":31,"textChars":8,"textLines":1}
{"kind":"textbox","id":"sh/cfa903yt","slide":31,"textChars":25,"textLines":1}
{"kind":"shape","id":"sh/zilsbyx4","slide":31,"bbox":[64,150,106,5]}
{"kind":"textbox","id":"sh/ehsr2dgz","slide":31,"textChars":5,"textLines":1}
{"kind":"textbox","id":"sh/1k3ad8fa","slide":31,"textChars":13,"textLines":1}
{"kind":"textbox","id":"sh/0jut43yp","slide":31,"textChars":7,"textLines":1}
{"kind":"textbox","id":"sh/fmhszex0","slide":31,"textChars":15,"textLines":1}
{"kind":"textbox","id":"sh/ul8rq9gf","slide":31,"textChars":6,"textLines":1}
{"kind":"textbox","id":"sh/4vm5g7al","slide":31,"textChars":11,"textLines":1}
{"kind":"shape","id":"sh/5wvmpcr6","slide":31,"bbox":[100,420,1080,0]}
{"kind":"textbox","id":"sh/it4nexsf","slide":31,"textChars":19,"textLines":1}
{"kind":"notes","id":"nt/lcn6tkb6","slide":31,"text":"本页用于期末回顾。请学生将原稿、反馈和修订稿放在一起，以便下一学期继续使用。"}
{"kind":"slide","id":"sl/6l0j294r","slide":32,"title":"教师使用提示","textShapes":7}
{"kind":"shape","id":"sh/qx0nqx8b","slide":32,"bbox":[0,0,1280,14]}
{"kind":"textbox","id":"sh/kr61sfy1","slide":32,"textChars":6,"textLines":1}
{"kind":"textbox","id":"sh/lszilkfm","slide":32,"textChars":29,"textLines":1}
{"kind":"shape","id":"sh/6t8jupg7","slide":32,"bbox":[64,150,106,5]}
{"kind":"textbox","id":"sh/7uh0nuxs","slide":32,"textChars":4,"textLines":1}
{"kind":"textbox","id":"sh/8vq1wzyd","slide":32,"textChars":38,"textLines":3}
{"kind":"shape","id":"sh/twzipkfy","slide":32,"bbox":[660,195,0,300]}
{"kind":"textbox","id":"sh/mx4zilg3","slide":32,"textChars":4,"textLines":1}
{"kind":"textbox","id":"sh/nyd0bqxo","slide":32,"textChars":36,"textLines":3}
{"kind":"textbox","id":"sh/ry94z29w","slide":32,"textChars":20,"textLines":1}
{"kind":"notes","id":"nt/6l0j294r","slide":32,"text":"教师页，可不投影。检查教材页码、课时安排和校内任务字数。插图位置均可替换，图片只用于导入或场景感，不承担阅读证据。"}
{"kind":"notice","message":"Truncated: omitted 0 lines. Increase maxChars or narrow target."}
